/home/arommel/Downloads/examen_e1_ws/install/visual_pubsub/lib/python3.10/site-packages/visual_pubsub/__init__.py
/home/arommel/Downloads/examen_e1_ws/install/visual_pubsub/lib/python3.10/site-packages/visual_pubsub/inverse_kinematics3.py
/home/arommel/Downloads/examen_e1_ws/install/visual_pubsub/lib/python3.10/site-packages/visual_pubsub/inverse_kinematics2.py
/home/arommel/Downloads/examen_e1_ws/install/visual_pubsub/lib/python3.10/site-packages/visual_pubsub/inverse_kinematics.py
/home/arommel/Downloads/examen_e1_ws/install/visual_pubsub/lib/python3.10/site-packages/visual_pubsub/sub_joints.py
/home/arommel/Downloads/examen_e1_ws/install/visual_pubsub/lib/python3.10/site-packages/visual_pubsub/pub_joints.py
/home/arommel/Downloads/examen_e1_ws/install/visual_pubsub/lib/python3.10/site-packages/visual_pubsub/__pycache__/__init__.cpython-310.pyc
/home/arommel/Downloads/examen_e1_ws/install/visual_pubsub/lib/python3.10/site-packages/visual_pubsub/__pycache__/inverse_kinematics3.cpython-310.pyc
/home/arommel/Downloads/examen_e1_ws/install/visual_pubsub/lib/python3.10/site-packages/visual_pubsub/__pycache__/inverse_kinematics2.cpython-310.pyc
/home/arommel/Downloads/examen_e1_ws/install/visual_pubsub/lib/python3.10/site-packages/visual_pubsub/__pycache__/inverse_kinematics.cpython-310.pyc
/home/arommel/Downloads/examen_e1_ws/install/visual_pubsub/lib/python3.10/site-packages/visual_pubsub/__pycache__/sub_joints.cpython-310.pyc
/home/arommel/Downloads/examen_e1_ws/install/visual_pubsub/lib/python3.10/site-packages/visual_pubsub/__pycache__/pub_joints.cpython-310.pyc
/home/arommel/Downloads/examen_e1_ws/install/visual_pubsub/share/ament_index/resource_index/packages/visual_pubsub
/home/arommel/Downloads/examen_e1_ws/install/visual_pubsub/share/visual_pubsub/package.xml
/home/arommel/Downloads/examen_e1_ws/install/visual_pubsub/lib/python3.10/site-packages/visual_pubsub-0.0.0-py3.10.egg-info/dependency_links.txt
/home/arommel/Downloads/examen_e1_ws/install/visual_pubsub/lib/python3.10/site-packages/visual_pubsub-0.0.0-py3.10.egg-info/top_level.txt
/home/arommel/Downloads/examen_e1_ws/install/visual_pubsub/lib/python3.10/site-packages/visual_pubsub-0.0.0-py3.10.egg-info/zip-safe
/home/arommel/Downloads/examen_e1_ws/install/visual_pubsub/lib/python3.10/site-packages/visual_pubsub-0.0.0-py3.10.egg-info/PKG-INFO
/home/arommel/Downloads/examen_e1_ws/install/visual_pubsub/lib/python3.10/site-packages/visual_pubsub-0.0.0-py3.10.egg-info/requires.txt
/home/arommel/Downloads/examen_e1_ws/install/visual_pubsub/lib/python3.10/site-packages/visual_pubsub-0.0.0-py3.10.egg-info/entry_points.txt
/home/arommel/Downloads/examen_e1_ws/install/visual_pubsub/lib/python3.10/site-packages/visual_pubsub-0.0.0-py3.10.egg-info/SOURCES.txt
/home/arommel/Downloads/examen_e1_ws/install/visual_pubsub/lib/visual_pubsub/inverse_k
/home/arommel/Downloads/examen_e1_ws/install/visual_pubsub/lib/visual_pubsub/inverse_k2
/home/arommel/Downloads/examen_e1_ws/install/visual_pubsub/lib/visual_pubsub/inverse_k3
/home/arommel/Downloads/examen_e1_ws/install/visual_pubsub/lib/visual_pubsub/pub_joints
/home/arommel/Downloads/examen_e1_ws/install/visual_pubsub/lib/visual_pubsub/sub_joints
